============================= test session starts =============================
platform win32 -- Python 3.12.2, pytest-9.0.1, pluggy-1.6.0 -- C:\Users\Hamim\Desktop\BMW Chatbot\.venv\Scripts\python.exe
cachedir: .pytest_cache
rootdir: C:\Users\Hamim\Desktop\BMW Chatbot
collecting ... collected 60 items

test_BMW_Chatbot.py::test_qna_examples[Tell me about the 2017 BMW 3 Series diesel.] PASSED [  1%]
test_BMW_Chatbot.py::test_qna_examples[What is the price of a 2018 BMW X5?] PASSED [  3%]
test_BMW_Chatbot.py::test_qna_examples[Can you give me details about the 2020 BMW 5 Series petrol?] PASSED [  5%]
test_BMW_Chatbot.py::test_qna_examples[How much mileage does the 2019 BMW 3 Series get?] PASSED [  6%]
test_BMW_Chatbot.py::test_qna_examples[What\u2019s the fuel type of the 2021 BMW M3?] PASSED [  8%]
test_BMW_Chatbot.py::test_qna_examples[Tell me about the 2022 BMW X3 with automatic transmission.] PASSED [ 10%]
test_BMW_Chatbot.py::test_qna_examples[What engine size does the 2020 BMW 7 Series have?] PASSED [ 11%]
test_BMW_Chatbot.py::test_qna_examples[How much tax is required for a 2021 BMW 4 Series?] PASSED [ 13%]
test_BMW_Chatbot.py::test_qna_examples[What is the transmission type for the 2018 BMW M4?] PASSED [ 15%]
test_BMW_Chatbot.py::test_qna_examples[Can you tell me about the fuel efficiency of the 2017 BMW 2 Series?] PASSED [ 16%]
test_BMW_Chatbot.py::test_qna_examples[What is the price of a 2020 BMW 3 Series?] PASSED [ 18%]
test_BMW_Chatbot.py::test_qna_examples[How much is a 2019 BMW X6 in the UK?] PASSED [ 20%]
test_BMW_Chatbot.py::test_qna_examples[What\u2019s the most expensive BMW available in 2021?] PASSED [ 21%]
test_BMW_Chatbot.py::test_qna_examples[Can you give me the average price of the BMW 5 Series 2020?] PASSED [ 23%]
test_BMW_Chatbot.py::test_qna_examples[How much does a 2022 BMW 4 Series cost in the market?] PASSED [ 25%]
test_BMW_Chatbot.py::test_qna_examples[What type of fuel does the 2019 BMW 3 Series use?] PASSED [ 26%]
test_BMW_Chatbot.py::test_qna_examples[Is the 2020 BMW X5 hybrid or petrol?] PASSED [ 28%]
test_BMW_Chatbot.py::test_qna_examples[Does the 2021 BMW 4 Series come in diesel?] PASSED [ 30%]
test_BMW_Chatbot.py::test_qna_examples[What transmission does the 2018 BMW 7 Series have?] PASSED [ 31%]
test_BMW_Chatbot.py::test_qna_examples[Is the 2020 BMW M4 automatic or manual?] PASSED [ 33%]
test_BMW_Chatbot.py::test_qna_examples[Tell me about the 2016 BMW 5 Series.] PASSED [ 35%]
test_BMW_Chatbot.py::test_qna_examples[What are the details of the 2022 BMW 3 Series?] PASSED [ 36%]
test_BMW_Chatbot.py::test_qna_examples[What year was the BMW 3 Series with the lowest price?] PASSED [ 38%]
test_BMW_Chatbot.py::test_qna_examples[How does the 2020 BMW M5 compare to the 2021 model?] PASSED [ 40%]
test_BMW_Chatbot.py::test_qna_examples[Is there any difference between the 2018 and 2020 BMW X1?] PASSED [ 41%]
test_BMW_Chatbot.py::test_qna_examples[How many miles does the 2017 BMW 3 Series have?] PASSED [ 43%]
test_BMW_Chatbot.py::test_qna_examples[What is the mileage of the 2020 BMW 5 Series diesel?] PASSED [ 45%]
test_BMW_Chatbot.py::test_qna_examples[How fuel-efficient is the 2021 BMW M3?] PASSED [ 46%]
test_BMW_Chatbot.py::test_qna_examples[How many miles can the 2019 BMW X5 drive on a full tank?] PASSED [ 48%]
test_BMW_Chatbot.py::test_qna_examples[What\u2019s the top speed of the 2021 BMW 4 Series?] PASSED [ 50%]
test_BMW_Chatbot.py::test_qna_examples[What\u2019s the difference between the 3 Series and 4 Series?] PASSED [ 51%]
test_BMW_Chatbot.py::test_qna_examples[How does the 1 Series compare to the 2 Series in terms of fuel economy?] PASSED [ 53%]
test_BMW_Chatbot.py::test_qna_examples[Tell me about the BMW 5 Series vs the BMW 7 Series.] PASSED [ 55%]
test_BMW_Chatbot.py::test_qna_examples[What makes the BMW X3 different from the BMW X5?] PASSED [ 56%]
test_BMW_Chatbot.py::test_qna_examples[What are the features of the 2020 BMW 6 Series?] PASSED [ 58%]
test_BMW_Chatbot.py::test_qna_examples[What\u2019s the cheapest 2019 BMW 3 Series available?] PASSED [ 60%]
test_BMW_Chatbot.py::test_qna_examples[Tell me the average price of the 2018 BMW 5 Series.] PASSED [ 61%]
test_BMW_Chatbot.py::test_qna_examples[Which is the most expensive BMW 7 Series in 2021?] PASSED [ 63%]
test_BMW_Chatbot.py::test_qna_examples[What\u2019s the least expensive BMW X1 available in 2020?] PASSED [ 65%]
test_BMW_Chatbot.py::test_qna_examples[What\u2019s the highest price for a 2019 BMW X6?] PASSED [ 66%]
test_BMW_Chatbot.py::test_qna_examples[What is the engine size of the 2020 BMW M5?] PASSED [ 68%]
test_BMW_Chatbot.py::test_qna_examples[Does the 2021 BMW X7 come with a hybrid engine?] PASSED [ 70%]
test_BMW_Chatbot.py::test_qna_examples[What color options are available for the 2019 BMW 3 Series?] PASSED [ 71%]
test_BMW_Chatbot.py::test_qna_examples[Does the 2017 BMW 3 Series have a sunroof?] PASSED [ 73%]
test_BMW_Chatbot.py::test_qna_examples[What\u2019s the safety rating of the 2021 BMW M4?] PASSED [ 75%]
test_BMW_Chatbot.py::test_qna_examples[Can you analyze this review: 'This BMW 3 Series is excellent. It has great mileage but is a bit expensive.'] PASSED [ 76%]
test_BMW_Chatbot.py::test_qna_examples[What is the sentiment of the review: 'The BMW 7 Series is fantastic but has high running costs.'] PASSED [ 78%]
test_BMW_Chatbot.py::test_qna_examples[Analyze the following review: 'The BMW X5 is an excellent family car, but its fuel economy could be better.'] PASSED [ 80%]
test_BMW_Chatbot.py::test_qna_examples[What is the sentiment of: 'I love my 2020 BMW 5 Series! It\u2019s fast and luxurious!'] PASSED [ 81%]
test_BMW_Chatbot.py::test_qna_examples[Can you tell me the readability of this review: 'The 2018 BMW 3 Series is fast, has great comfort features, and performs well on highways.'] PASSED [ 83%]
test_BMW_Chatbot.py::test_qna_examples[My budget is 15000.] PASSED       [ 85%]
test_BMW_Chatbot.py::test_qna_examples[Recommend a car under 20k.] PASSED [ 86%]
test_BMW_Chatbot.py::test_qna_examples[I have a budget of $12,000 for a 1 Series.] PASSED [ 88%]
test_BMW_Chatbot.py::test_qna_examples[Show me cars less than 18000.] PASSED [ 90%]
test_BMW_Chatbot.py::test_qna_examples[Which car is best?] PASSED        [ 91%]
test_BMW_Chatbot.py::test_qna_examples[Recommend me a BMW.] PASSED       [ 93%]
test_BMW_Chatbot.py::test_qna_examples[What do you suggest for a 5 Series?] PASSED [ 95%]
test_BMW_Chatbot.py::test_qna_examples[Best car under 25k.] PASSED       [ 96%]
test_BMW_Chatbot.py::test_qna_examples[Suggest a cheap diesel car.] PASSED [ 98%]
test_BMW_Chatbot.py::test_qna_examples[What is the best 3 Series you have?] PASSED [100%]

============================= 60 passed in 5.36s ==============================
