============================= test session starts =============================
platform win32 -- Python 3.12.2, pytest-9.0.1, pluggy-1.6.0
rootdir: C:\Users\Hamim\Desktop\BMW Chatbot
collected 60 items

tests\test_BMW_Chatbot.py .............................................. [ 76%]
..............                                                           [100%]

============================= 60 passed in 5.60s ==============================
